// Jest Snapshot v1, https://goo.gl/fbAQLP

exports[`Blog Page should render childs 1`] = `
"<div>
  <main class=\\"m-auto max-w-6xl p-4\\">
    <header class=\\"mt-12 mb-8\\">
      <h1 class=\\"font-bold text-2xl mb-3\\">
        Blog
      </h1>
      <p class=\\"font-light text-xl\\">
        Conte√∫do sobre o Desenvolvimento Web e Data Science
      </p>
    </header>
    <div class=\\"grid grid-cols-1 gap-6 sm:grid-cols-2 lg:grid-cols-3 flex-col sm:flex-row lg:flex-row w-full flex-wrap\\"></div>
    <pagination-stub pagination=\\"[object Object]\\"></pagination-stub>
  </main>
</div>"
`;
