// Jest Snapshot v1, https://goo.gl/fbAQLP

exports[`Home Page should render childs 1`] = `
"<main>
  <div class=\\"container w-full bg-cover bg-fixed bg-center flex items-center justify-center flex-col py-16 px-8 text-white\\">
    <profile-stub></profile-stub>
  </div>
  <div class=\\"mx-auto max-w-6xl p-4\\">
    <h2 class=\\"my-4 font-bold text-xl\\">
      Ãšltimos artigos
    </h2>
    <div class=\\"grid grid-cols-1 gap-6 sm:grid-cols-2 lg:grid-cols-3 flex-col sm:flex-row lg:flex-row w-full flex-wrap\\"></div>
    <div class=\\"text-right font-light my-4\\"><a>
        Ver todos os artigos
        <fontawesomeicon-stub icon=\\"fas,chevron-right\\"></fontawesomeicon-stub></a></div>
  </div>
</main>"
`;
