// Jest Snapshot v1, https://goo.gl/fbAQLP

exports[`Pagination Component should render childs 1`] = `
"<div class=\\"flex flex-col items-center my-12\\">
  <div class=\\"flex\\"><button type=\\"button\\" disabled=\\"disabled\\" class=\\"h-8 w-8 flex justify-center items-center border border-gray-400 bg-gray-300 dark:bg-gray-600 opacity-40 cursor-not-allowed \\"><svg aria-hidden=\\"true\\" focusable=\\"false\\" data-prefix=\\"fas\\" data-icon=\\"chevron-left\\" role=\\"img\\" xmlns=\\"http://www.w3.org/2000/svg\\" viewBox=\\"0 0 320 512\\" class=\\"svg-inline--fa fa-chevron-left fa-w-10\\">
        <path fill=\\"currentColor\\" d=\\"M34.52 239.03L228.87 44.69c9.37-9.37 24.57-9.37 33.94 0l22.67 22.67c9.36 9.36 9.37 24.52.04 33.9L131.49 256l154.02 154.75c9.34 9.38 9.32 24.54-.04 33.9l-22.67 22.67c-9.37 9.37-24.57 9.37-33.94 0L34.52 272.97c-9.37-9.37-9.37-24.57 0-33.94z\\" class=\\"\\"></path>
      </svg></button> <button type=\\"button\\" disabled=\\"disabled\\" class=\\"h-8 w-8 flex justify-center items-center border border-gray-400 bg-gray-300 dark:bg-gray-600 bg-indigo-500 dark:bg-indigo-500 cursor-default text-gray-50\\">
      1
    </button><button type=\\"button\\" class=\\"h-8 w-8 flex justify-center items-center border border-gray-400 bg-gray-300 dark:bg-gray-600 hover:opacity-80 cursor-pointer\\">
      2
    </button> <button type=\\"button\\" class=\\"h-8 w-8 flex justify-center items-center border border-gray-400 bg-gray-300 dark:bg-gray-600 hover:opacity-80 cursor-pointer\\"><svg aria-hidden=\\"true\\" focusable=\\"false\\" data-prefix=\\"fas\\" data-icon=\\"chevron-right\\" role=\\"img\\" xmlns=\\"http://www.w3.org/2000/svg\\" viewBox=\\"0 0 320 512\\" class=\\"svg-inline--fa fa-chevron-right fa-w-10\\">
        <path fill=\\"currentColor\\" d=\\"M285.476 272.971L91.132 467.314c-9.373 9.373-24.569 9.373-33.941 0l-22.667-22.667c-9.357-9.357-9.375-24.522-.04-33.901L188.505 256 34.484 101.255c-9.335-9.379-9.317-24.544.04-33.901l22.667-22.667c9.373-9.373 24.569-9.373 33.941 0L285.475 239.03c9.373 9.372 9.373 24.568.001 33.941z\\" class=\\"\\"></path>
      </svg></button></div>
</div>"
`;
